// Jest Snapshot v1, https://goo.gl/fbAQLP

exports[`BlogList component renders the component 1`] = `
<div>
  <h2>
    Loading...
  </h2>
</div>
`;
