// Jest Snapshot v1, https://goo.gl/fbAQLP

exports[`NavBar component renders the component 1`] = `
<div>
  <header
    class="header"
  >
    <nav
      class="nav"
    >
      <a
        class="nav__link"
        href="/"
      >
        <p
          class="nav__text"
        >
          home
        </p>
      </a>
    </nav>
    <a
      class="header__link"
      href="/"
    >
      <h1
        class="header__logo"
      >
        TheBlog
      </h1>
    </a>
  </header>
</div>
`;
